// Jest Snapshot v1, https://goo.gl/fbAQLP

exports[`Default Rule Check Should match snapshot. 1`] = `
{
  "Parameters": {
    "BootstrapVersion": {
      "Default": "/cdk-bootstrap/hnb659fds/version",
      "Description": "Version of the CDK Bootstrap resources in this environment, automatically retrieved from SSM Parameter Store. [cdk:skip]",
      "Type": "AWS::SSM::Parameter::Value<String>",
    },
  },
  "Resources": {
    "CodePipelineExecutionStateChangeDetectionEventRule98882579": {
      "Properties": {
        "EventPattern": {
          "detail": {
            "state": [
              "FAILED",
              "CANCELED",
            ],
          },
          "detail-type": [
            "CodePipeline Pipeline Execution State Change",
          ],
          "source": [
            "aws.codepipeline",
          ],
        },
        "Name": "codepipeline-state-change-detection-event-rule",
        "State": "ENABLED",
      },
      "Type": "AWS::Events::Rule",
    },
  },
  "Rules": {
    "CheckBootstrapVersion": {
      "Assertions": [
        {
          "Assert": {
            "Fn::Not": [
              {
                "Fn::Contains": [
                  [
                    "1",
                    "2",
                    "3",
                    "4",
                    "5",
                  ],
                  {
                    "Ref": "BootstrapVersion",
                  },
                ],
              },
            ],
          },
          "AssertDescription": "CDK bootstrap stack version 6 required. Please run 'cdk bootstrap' with a recent version of the CDK CLI.",
        },
      ],
    },
  },
}
`;
